#
# $Id$
#
# Original written by Martin Junius for Fidogate.
#
# Character set mapping table (to be compiled by charsetc)
#

#
# Russian, contributed by Andy Igoshin <ai@vsu.ru>
#
alias	alt		cp866
alias	x-alt		cp866
alias	x-cp866		cp866
alias	+7_fido		cp866
alias	koi8-u		koi8-r
alias	ibm-878		koi8-r
alias	ibm-915		iso-8859-5
alias	x-cp1251	cp1251

# ----------------------------------------------------------------------------
#       Channel map for translation CP866 codes to KOI8-R codes
#	(Russian language)
#
table	cp866	koi8-r
map     \x80    \xE1
map     \x81    \xE2
map     \x82    \xF7
map     \x83    \xE7
map     \x84    \xE4
map     \x85    \xE5
map     \x86    \xF6
map     \x87    \xFA
map     \x88    \xE9
map     \x89    \xEA
map     \x8A    \xEB
map     \x8B    \xEC
map     \x8C    \xED
map     \x8D    \xEE
map     \x8E    \xEF
map     \x8F    \xF0
map     \x90    \xF2
map     \x91    \xF3
map     \x92    \xF4
map     \x93    \xF5
map     \x94    \xE6
map     \x95    \xE8
map     \x96    \xE3
map     \x97    \xFE
map     \x98    \xFB
map     \x99    \xFD
map     \x9A    \xFF
map     \x9B    \xF9
map     \x9C    \xF8
map     \x9D    \xFC
map     \x9E    \xE0
map     \x9F    \xF1
map     \xA0    \xC1
map     \xA1    \xC2
map     \xA2    \xD7
map     \xA3    \xC7
map     \xA4    \xC4
map     \xA5    \xC5
map     \xA6    \xD6
map     \xA7    \xDA
map     \xA8    \xC9
map     \xA9    \xCA
map     \xAA    \xCB
map     \xAB    \xCC
map     \xAC    \xCD
map     \xAD    \xCE
map     \xAE    \xCF
map     \xAF    \xD0
map     \xB0    \x90
map     \xB1    \x91
map     \xB2    \x92
map     \xB3    \x81
map     \xB4    \x87
map     \xB5    \xB2
map     \xB6    \xB4
map     \xB7    \xA7
map     \xB8    \xA6
map     \xB9    \xB5
map     \xBA    \xA1
map     \xBB    \xA8
map     \xBC    \xAE
map     \xBD    \xAD
map     \xBE    \xAC
map     \xBF    \x83
map     \xC0    \x84
map     \xC1    \x89
map     \xC2    \x88
map     \xC3    \x86
map     \xC4    \x80
map     \xC5    \x8A
map     \xC6    \xAF
map     \xC7    \xB0
map     \xC8    \xAB
map     \xC9    \xA5
map     \xCA    \xBB
map     \xCB    \xB8
map     \xCC    \xB1
map     \xCD    \xA0
map     \xCE    \xBE
map     \xCF    \xB9
map     \xD0    \xBA
map     \xD1    \xB6
map     \xD2    \xB7
map     \xD3    \xAA
map     \xD4    \xA9
map     \xD5    \xA2
map     \xD6    \xA4
map     \xD7    \xBD
map     \xD8    \xBC
map     \xD9    \x85
map     \xDA    \x82
map     \xDB    \x8D
map     \xDC    \x8C
map     \xDD    \x8E
map     \xDE    \x8F
map     \xDF    \x8B
map     \xE0    \xD2
map     \xE1    \xD3
map     \xE2    \xD4
map     \xE3    \xD5
map     \xE4    \xC6
map     \xE5    \xC8
map     \xE6    \xC3
map     \xE7    \xDE
map     \xE8    \xDB
map     \xE9    \xDD
map     \xEA    \xDF
map     \xEB    \xD9
map     \xEC    \xD8
map     \xED    \xDC
map     \xEE    \xC0
map     \xEF    \xD1
map     \xF0    \xB3
map     \xF1    \xA3
map     \xF2    \x20
map     \xF3    \x20
map     \xF4    \x20
map     \xF5    \x20
map     \xF6    \x20
map     \xF7    \x20
map     \xF8    \x9C
map     \xF9    \x95
map     \xFA    \x9E
map     \xFB    \x96
map     \xFC    \x20
map     \xFD    \x20
map     \xFE    \x94
map     \xFF    \x9A


# ----------------------------------------------------------------------------
#       Channel map for translation KOI8-R codes to CP866 codes
#	(Russian language)
#	Due to fidonet wieredness, capital Russian EN translates to 
#	latin 'H'.
#
table	koi8-r	cp866
map     \x80    \xC4
map     \x81    \xB3
map     \x82    \xDA
map     \x83    \xBF
map     \x84    \xC0
map     \x85    \xD9
map     \x86    \xC3
map     \x87    \xB4
map     \x88    \xC2
map     \x89    \xC1
map     \x8A    \xC5
map     \x8B    \xDF
map     \x8C    \xDC
map     \x8D    \xDB
map     \x8E    \xDD
map     \x8F    \xDE
map     \x90    \xB0
map     \x91    \xB1
map     \x92    \xB2
map     \x93    \x20
map     \x94    \xFE
map     \x95    \xF9
map     \x96    \xFB
map     \x97    \x20
map     \x98    \x20
map     \x99    \x20
map     \x9A    \xFF
map     \x9B    \x20
map     \x9C    \xF8
map     \x9D    \x20
map     \x9E    \xFA
map     \x9F    \x20
map     \xA0    \xCD
map     \xA1    \xBA
map     \xA2    \xD5
map     \xA3    \xF1
map     \xA4    \xD6
map     \xA5    \xC9
map     \xA6    \xB8
map     \xA7    \xB7
map     \xA8    \xBB
map     \xA9    \xD4
map     \xAA    \xD3
map     \xAB    \xC8
map     \xAC    \xBE
map     \xAD    \xBD
map     \xAE    \xBC
map     \xAF    \xC6
map     \xB0    \xC7
map     \xB1    \xCC
map     \xB2    \xB5
map     \xB3    \xF0
map     \xB4    \xB6
map     \xB5    \xB9
map     \xB6    \xD1
map     \xB7    \xD2
map     \xB8    \xCB
map     \xB9    \xCF
map     \xBA    \xD0
map     \xBB    \xCA
map     \xBC    \xD8
map     \xBD    \xD7
map     \xBE    \xCE
map     \xBF    \x20
map     \xC0    \xEE
map     \xC1    \xA0
map     \xC2    \xA1
map     \xC3    \xE6
map     \xC4    \xA4
map     \xC5    \xA5
map     \xC6    \xE4
map     \xC7    \xA3
map     \xC8    \xE5
map     \xC9    \xA8
map     \xCA    \xA9
map     \xCB    \xAA
map     \xCC    \xAB
map     \xCD    \xAC
map     \xCE    \xAD
map     \xCF    \xAE
map     \xD0    \xAF
map     \xD1    \xEF
map     \xD2    \xE0
map     \xD3    \xE1
map     \xD4    \xE2
map     \xD5    \xE3
map     \xD6    \xA6
map     \xD7    \xA2
map     \xD8    \xEC
map     \xD9    \xEB
map     \xDA    \xA7
map     \xDB    \xE8
map     \xDC    \xED
map     \xDD    \xE9
map     \xDE    \xE7
map     \xDF    \xEA
map     \xE0    \x9E
map     \xE1    \x80
map     \xE2    \x81
map     \xE3    \x96
map     \xE4    \x84
map     \xE5    \x85
map     \xE6    \x94
map     \xE7    \x83
map     \xE8    \x95
map     \xE9    \x88
map     \xEA    \x89
map     \xEB    \x8A
map     \xEC    \x8B
map     \xED    \x8C
#map     \xEE    \x8D
map     \xEE    \x48
map     \xEF    \x8E
map     \xF0    \x8F
map     \xF1    \x9F
map     \xF2    \x90
map     \xF3    \x91
map     \xF4    \x92
map     \xF5    \x93
map     \xF6    \x86
map     \xF7    \x82
map     \xF8    \x9C
map     \xF9    \x9B
map     \xFA    \x87
map     \xFB    \x98
map     \xFC    \x9D
map     \xFD    \x99
map     \xFE    \x97
map     \xFF    \x9A



# ----------------------------------------------------------------------------
#       Channel map for translation CP866 codes to ISO-8859-5 codes
#	(Russian language)
#
table	cp866	iso-8859-5
map     \x80    \xB0
map     \x81    \xB1
map     \x82    \xB2
map     \x83    \xB3
map     \x84    \xB4
map     \x85    \xB5
map     \x86    \xB6
map     \x87    \xB7
map     \x88    \xB8
map     \x89    \xB9
map     \x8A    \xBA
map     \x8B    \xBB
map     \x8C    \xBC
map     \x8D    \xBD
map     \x8E    \xBE
map     \x8F    \xBF
map     \x90    \xC0
map     \x91    \xC1
map     \x92    \xC2
map     \x93    \xC3
map     \x94    \xC4
map     \x95    \xC5
map     \x96    \xC6
map     \x97    \xC7
map     \x98    \xC8
map     \x99    \xC9
map     \x9A    \xCA
map     \x9B    \xCB
map     \x9C    \xCC
map     \x9D    \xCD
map     \x9E    \xCE
map     \x9F    \xCF
map     \xA0    \xD0
map     \xA1    \xD1
map     \xA2    \xD2
map     \xA3    \xD3
map     \xA4    \xD4
map     \xA5    \xD5
map     \xA6    \xD6
map     \xA7    \xD7
map     \xA8    \xD8
map     \xA9    \xD9
map     \xAA    \xDA
map     \xAB    \xDB
map     \xAC    \xDC
map     \xAD    \xDD
map     \xAE    \xDE
map     \xAF    \xDF
map     \xB0    \x20
map     \xB1    \x20
map     \xB2    \x20
map     \xB3    \x20
map     \xB4    \x20
map     \xB5    \x20
map     \xB6    \x20
map     \xB7    \x20
map     \xB8    \x20
map     \xB9    \x20
map     \xBA    \x20
map     \xBB    \x20
map     \xBC    \x20
map     \xBD    \x20
map     \xBE    \x20
map     \xBF    \x20
map     \xC0    \x20
map     \xC1    \x20
map     \xC2    \x20
map     \xC3    \x20
map     \xC4    \x20
map     \xC5    \x20
map     \xC6    \x20
map     \xC7    \x20
map     \xC8    \x20
map     \xC9    \x20
map     \xCA    \x20
map     \xCB    \x20
map     \xCC    \x20
map     \xCD    \x20
map     \xCE    \x20
map     \xCF    \x20
map     \xD0    \x20
map     \xD1    \x20
map     \xD2    \x20
map     \xD3    \x20
map     \xD4    \x20
map     \xD5    \x20
map     \xD6    \x20
map     \xD7    \x20
map     \xD8    \x20
map     \xD9    \x20
map     \xDA    \x20
map     \xDB    \x20
map     \xDC    \x20
map     \xDD    \x20
map     \xDE    \x20
map     \xDF    \x20
map     \xE0    \xE0
map     \xE1    \xE1
map     \xE2    \xE2
map     \xE3    \xE3
map     \xE4    \xE4
map     \xE5    \xE5
map     \xE6    \xE6
map     \xE7    \xE7
map     \xE8    \xE8
map     \xE9    \xE9
map     \xEA    \xEA
map     \xEB    \xEB
map     \xEC    \xEC
map     \xED    \xED
map     \xEE    \xEE
map     \xEF    \xEF
map     \xF0    \xA1
map     \xF1    \xF1
map     \xF2    \xA4
map     \xF3    \xF4
map     \xF4    \xA7
map     \xF5    \xF7
map     \xF6    \xAE
map     \xF7    \xFE
map     \xF8    \x20
map     \xF9    \x20
map     \xFA    \x20
map     \xFB    \x20
map     \xFC    \xF0
map     \xFD    \x20
map     \xFE    \x20
map     \xFF    \xA0


# ----------------------------------------------------------------------------
#       Channel map for translation ISO-8859-5 codes to CP866 codes
#	(Russian language)
#	Due to fidonet wieredness, capital Russian EN translates to 
#	latin 'H'.
#
table	iso-8859-5	cp866
map     \x80    \x20
map     \x81    \x20
map     \x82    \x20
map     \x83    \x20
map     \x84    \x20
map     \x85    \x20
map     \x86    \x20
map     \x87    \x20
map     \x88    \x20
map     \x89    \x20
map     \x8A    \x20
map     \x8B    \x20
map     \x8C    \x20
map     \x8D    \x20
map     \x8E    \x20
map     \x8F    \x20
map     \x90    \x20
map     \x91    \x20
map     \x92    \x20
map     \x93    \x20
map     \x94    \x20
map     \x95    \x20
map     \x96    \x20
map     \x97    \x20
map     \x98    \x20
map     \x99    \x20
map     \x9A    \x20
map     \x9B    \x20
map     \x9C    \x20
map     \x9D    \x20
map     \x9E    \x20
map     \x9F    \x20
map     \xA0    \xFF
map     \xA1    \xF0
map     \xA2    \x20
map     \xA3    \x20
map     \xA4    \xF2
map     \xA5    \x20
map     \xA6    \x20
map     \xA7    \xF4
map     \xA8    \x20
map     \xA9    \x20
map     \xAA    \x20
map     \xAB    \x20
map     \xAC    \x20
map     \xAD    \x20
map     \xAE    \xF6
map     \xAF    \x20
map     \xB0    \x80
map     \xB1    \x81
map     \xB2    \x82
map     \xB3    \x83
map     \xB4    \x84
map     \xB5    \x85
map     \xB6    \x86
map     \xB7    \x87
map     \xB8    \x88
map     \xB9    \x89
map     \xBA    \x8A
map     \xBB    \x8B
map     \xBC    \x8C
#map     \xBD    \x8D
map     \xBD    \x48
map     \xBE    \x8E
map     \xBF    \x8F
map     \xC0    \x90
map     \xC1    \x91
map     \xC2    \x92
map     \xC3    \x93
map     \xC4    \x94
map     \xC5    \x95
map     \xC6    \x96
map     \xC7    \x97
map     \xC8    \x98
map     \xC9    \x99
map     \xCA    \x9A
map     \xCB    \x9B
map     \xCC    \x9C
map     \xCD    \x9D
map     \xCE    \x9E
map     \xCF    \x9F
map     \xD0    \xA0
map     \xD1    \xA1
map     \xD2    \xA2
map     \xD3    \xA3
map     \xD4    \xA4
map     \xD5    \xA5
map     \xD6    \xA6
map     \xD7    \xA7
map     \xD8    \xA8
map     \xD9    \xA9
map     \xDA    \xAA
map     \xDB    \xAB
map     \xDC    \xAC
map     \xDD    \xAD
map     \xDE    \xAE
map     \xDF    \xAF
map     \xE0    \xE0
map     \xE1    \xE1
map     \xE2    \xE2
map     \xE3    \xE3
map     \xE4    \xE4
map     \xE5    \xE5
map     \xE6    \xE6
map     \xE7    \xE7
map     \xE8    \xE8
map     \xE9    \xE9
map     \xEA    \xEA
map     \xEB    \xEB
map     \xEC    \xEC
map     \xED    \xED
map     \xEE    \xEE
map     \xEF    \xEF
map     \xF0    \xFC
map     \xF1    \xF1
map     \xF2    \x20
map     \xF3    \x20
map     \xF4    \xF3
map     \xF5    \x20
map     \xF6    \x20
map     \xF7    \xF5
map     \xF8    \x20
map     \xF9    \x20
map     \xFA    \x20
map     \xFB    \x20
map     \xFC    \x20
map     \xFD    \x20
map     \xFE    \xF7
map     \xFF    \x20


# ----------------------------------------------------------------------------
#       Channel map for translation CP866 codes to CP1251 codes
#	(Russian language)
#
table	cp866	cp1251
map     \x80    \xC0
map     \x81    \xC1
map     \x82    \xC2
map     \x83    \xC3
map     \x84    \xC4
map     \x85    \xC5
map     \x86    \xC6
map     \x87    \xC7
map     \x88    \xC8
map     \x89    \xC9
map     \x8A    \xCA
map     \x8B    \xCB
map     \x8C    \xCC
map     \x8D    \xCD
map     \x8E    \xCE
map     \x8F    \xCF
map     \x90    \xD0
map     \x91    \xD1
map     \x92    \xD2
map     \x93    \xD3
map     \x94    \xD4
map     \x95    \xD5
map     \x96    \xD6
map     \x97    \xD7
map     \x98    \xD8
map     \x99    \xD9
map     \x9A    \xDA
map     \x9B    \xDB
map     \x9C    \xDC
map     \x9D    \xDD
map     \x9E    \xDE
map     \x9F    \xDF
map     \xA0    \xE0
map     \xA1    \xE1
map     \xA2    \xE2
map     \xA3    \xE3
map     \xA4    \xE4
map     \xA5    \xE5
map     \xA6    \xE6
map     \xA7    \xE7
map     \xA8    \xE8
map     \xA9    \xE9
map     \xAA    \xEA
map     \xAB    \xEB
map     \xAC    \xEC
map     \xAD    \xED
map     \xAE    \xEE
map     \xAF    \xEF
map     \xB0    \x20
map     \xB1    \x20
map     \xB2    \x20
map     \xB3    \x20
map     \xB4    \x20
map     \xB5    \x20
map     \xB6    \x20
map     \xB7    \x20
map     \xB8    \x20
map     \xB9    \x20
map     \xBA    \x20
map     \xBB    \x20
map     \xBC    \x20
map     \xBD    \x20
map     \xBE    \x20
map     \xBF    \x20
map     \xC0    \x20
map     \xC1    \x20
map     \xC2    \x20
map     \xC3    \x20
map     \xC4    \x20
map     \xC5    \x20
map     \xC6    \x20
map     \xC7    \x20
map     \xC8    \x20
map     \xC9    \x20
map     \xCA    \x20
map     \xCB    \x20
map     \xCC    \x20
map     \xCD    \x20
map     \xCE    \x20
map     \xCF    \x20
map     \xD0    \x20
map     \xD1    \x20
map     \xD2    \x20
map     \xD3    \x20
map     \xD4    \x20
map     \xD5    \x20
map     \xD6    \x20
map     \xD7    \x20
map     \xD8    \x20
map     \xD9    \x20
map     \xDA    \x20
map     \xDB    \x20
map     \xDC    \x20
map     \xDD    \x20
map     \xDE    \x20
map     \xDF    \x20
map     \xE0    \xF0
map     \xE1    \xF1
map     \xE2    \xF2
map     \xE3    \xF3
map     \xE4    \xF4
map     \xE5    \xF5
map     \xE6    \xF6
map     \xE7    \xF7
map     \xE8    \xF8
map     \xE9    \xF9
map     \xEA    \xFA
map     \xEB    \xFB
map     \xEC    \xFC
map     \xED    \xFD
map     \xEE    \xFE
map     \xEF    \xFF
map     \xF0    \xA8
map     \xF1    \xB8
map     \xF2    \xAA
map     \xF3    \xBA
map     \xF4    \xAF
map     \xF5    \xBF
map     \xF6    \xA1
map     \xF7    \xA2
map     \xF8    \xB0
map     \xF9    \x20
map     \xFA    \xB7
map     \xFB    \x20
map     \xFC    \xB9
map     \xFD    \xA4
map     \xFE    \x20
map     \xFF    \xA0


# ----------------------------------------------------------------------------
#       Channel map for translation CP1251 codes to CP866 codes
#	(Russian language)
#	Due to fidonet wieredness, capital Russian EN translates to 
#	latin 'H'.
#
table	cp1251	cp866
map     \x80    \x20
map     \x81    \x20
map     \x82    \x20
map     \x83    \x20
map     \x84    \x20
map     \x85    \x20
map     \x86    \x20
map     \x87    \x20
map     \x88    \x20
map     \x89    \x20
map     \x8A    \x20
map     \x8B    \x20
map     \x8C    \x20
map     \x8D    \x20
map     \x8E    \x20
map     \x8F    \x20
map     \x90    \x20
map     \x91    \x20
map     \x92    \x20
map     \x93    \x20
map     \x94    \x20
map     \x95    \x20
map     \x96    \x20
map     \x97    \x20
map     \x98    \x20
map     \x99    \x20
map     \x9A    \x20
map     \x9B    \x20
map     \x9C    \x20
map     \x9D    \x20
map     \x9E    \x20
map     \x9F    \x20
map     \xA0    \xFF
map     \xA1    \xF6
map     \xA2    \xF7
map     \xA3    \x20
map     \xA4    \xFD
map     \xA5    \x20
map     \xA6    \x20
map     \xA7    \x20
map     \xA8    \xF0
map     \xA9    \x20
map     \xAA    \xF2
map     \xAB    \x20
map     \xAC    \x20
map     \xAD    \x20
map     \xAE    \x20
map     \xAF    \xF4
map     \xB0    \xF8
map     \xB1    \x20
map     \xB2    \x20
map     \xB3    \x20
map     \xB4    \x20
map     \xB5    \x20
map     \xB6    \x20
map     \xB7    \xFA
map     \xB8    \xF1
map     \xB9    \xFC
map     \xBA    \xF3
map     \xBB    \x20
map     \xBC    \x20
map     \xBD    \x20
map     \xBE    \x20
map     \xBF    \xF5
map     \xC0    \x80
map     \xC1    \x81
map     \xC2    \x82
map     \xC3    \x83
map     \xC4    \x84
map     \xC5    \x85
map     \xC6    \x86
map     \xC7    \x87
map     \xC8    \x88
map     \xC9    \x89
map     \xCA    \x8A
map     \xCB    \x8B
map     \xCC    \x8C
#map     \xCD    \x8D
map     \xCD    \x48
map     \xCE    \x8E
map     \xCF    \x8F
map     \xD0    \x90
map     \xD1    \x91
map     \xD2    \x92
map     \xD3    \x93
map     \xD4    \x94
map     \xD5    \x95
map     \xD6    \x96
map     \xD7    \x97
map     \xD8    \x98
map     \xD9    \x99
map     \xDA    \x9A
map     \xDB    \x9B
map     \xDC    \x9C
map     \xDD    \x9D
map     \xDE    \x9E
map     \xDF    \x9F
map     \xE0    \xA0
map     \xE1    \xA1
map     \xE2    \xA2
map     \xE3    \xA3
map     \xE4    \xA4
map     \xE5    \xA5
map     \xE6    \xA6
map     \xE7    \xA7
map     \xE8    \xA8
map     \xE9    \xA9
map     \xEA    \xAA
map     \xEB    \xAB
map     \xEC    \xAC
map     \xED    \xAD
map     \xEE    \xAE
map     \xEF    \xAF
map     \xF0    \xE0
map     \xF1    \xE1
map     \xF2    \xE2
map     \xF3    \xE3
map     \xF4    \xE4
map     \xF5    \xE5
map     \xF6    \xE6
map     \xF7    \xE7
map     \xF8    \xE8
map     \xF9    \xE9
map     \xFA    \xEA
map     \xFB    \xEB
map     \xFC    \xEC
map     \xFD    \xED
map     \xFE    \xEE
map     \xFF    \xEF


# ----------------------------------------------------------------------------
#       Channel map for translation CP866 codes to MAC codes
#	(Russian language)
#
table	cp866	mac
map     \x80    \x80
map     \x81    \x81
map     \x82    \x82
map     \x83    \x83
map     \x84    \x84
map     \x85    \x85
map     \x86    \x86
map     \x87    \x87
map     \x88    \x88
map     \x89    \x89
map     \x8A    \x8A
map     \x8B    \x8B
map     \x8C    \x8C
map     \x8D    \x8D
map     \x8E    \x8E
map     \x8F    \x8F
map     \x90    \x90
map     \x91    \x91
map     \x92    \x92
map     \x93    \x93
map     \x94    \x94
map     \x95    \x95
map     \x96    \x96
map     \x97    \x97
map     \x98    \x98
map     \x99    \x99
map     \x9A    \x9A
map     \x9B    \x9B
map     \x9C    \x9C
map     \x9D    \x9D
map     \x9E    \x9E
map     \x9F    \x9F
map     \xA0    \xE0
map     \xA1    \xE1
map     \xA2    \xE2
map     \xA3    \xE3
map     \xA4    \xE4
map     \xA5    \xE5
map     \xA6    \xE6
map     \xA7    \xE7
map     \xA8    \xE8
map     \xA9    \xE9
map     \xAA    \xEA
map     \xAB    \xEB
map     \xAC    \xEC
map     \xAD    \xED
map     \xAE    \xEE
map     \xAF    \xEF
map     \xB0    \x20
map     \xB1    \x20
map     \xB2    \x20
map     \xB3    \x20
map     \xB4    \x20
map     \xB5    \x20
map     \xB6    \x20
map     \xB7    \x20
map     \xB8    \x20
map     \xB9    \x20
map     \xBA    \x20
map     \xBB    \x20
map     \xBC    \x20
map     \xBD    \x20
map     \xBE    \x20
map     \xBF    \x20
map     \xC0    \x20
map     \xC1    \x20
map     \xC2    \x20
map     \xC3    \x20
map     \xC4    \x20
map     \xC5    \x20
map     \xC6    \x20
map     \xC7    \x20
map     \xC8    \x20
map     \xC9    \x20
map     \xCA    \x20
map     \xCB    \x20
map     \xCC    \x20
map     \xCD    \x20
map     \xCE    \x20
map     \xCF    \x20
map     \xD0    \x20
map     \xD1    \x20
map     \xD2    \x20
map     \xD3    \x20
map     \xD4    \x20
map     \xD5    \x20
map     \xD6    \x20
map     \xD7    \x20
map     \xD8    \x20
map     \xD9    \x20
map     \xDA    \x20
map     \xDB    \x20
map     \xDC    \x20
map     \xDD    \x20
map     \xDE    \x20
map     \xDF    \x20
map     \xE0    \xF0
map     \xE1    \xF1
map     \xE2    \xF2
map     \xE3    \xF3
map     \xE4    \xF4
map     \xE5    \xF5
map     \xE6    \xF6
map     \xE7    \xF7
map     \xE8    \xF8
map     \xE9    \xF9
map     \xEA    \xFA
map     \xEB    \xFB
map     \xEC    \xFC
map     \xED    \xFD
map     \xEE    \xFE
map     \xEF    \xDF
map     \xF0    \xDD
map     \xF1    \xDE
map     \xF2    \xB8
map     \xF3    \xB9
map     \xF4    \xBA
map     \xF5    \xBB
map     \xF6    \xD8
map     \xF7    \xD9
map     \xF8    \xA1
map     \xF9    \x20
map     \xFA    \x20
map     \xFB    \xC3
map     \xFC    \xDC
map     \xFD    \xFF
map     \xFE    \x20
map     \xFF    \xCA


# ----------------------------------------------------------------------------
#       Channel map for translation MAC codes to CP866 codes
#	(Russian language)
#	Due to fidonet wieredness, capital Russian EN translates to 
#	latin 'H'.
#
table	mac	cp866
map     \x80    \x80
map     \x81    \x81
map     \x82    \x82
map     \x83    \x83
map     \x84    \x84
map     \x85    \x85
map     \x86    \x86
map     \x87    \x87
map     \x88    \x88
map     \x89    \x89
map     \x8A    \x8A
map     \x8B    \x8B
map     \x8C    \x8C
#map     \x8D    \x8D
map     \x8D    \x48
map     \x8E    \x8E
map     \x8F    \x8F
map     \x90    \x90
map     \x91    \x91
map     \x92    \x92
map     \x93    \x93
map     \x94    \x94
map     \x95    \x95
map     \x96    \x96
map     \x97    \x97
map     \x98    \x98
map     \x99    \x99
map     \x9A    \x9A
map     \x9B    \x9B
map     \x9C    \x9C
map     \x9D    \x9D
map     \x9E    \x9E
map     \x9F    \x9F
map     \xA0    \x20
map     \xA1    \xF8
map     \xA2    \x20
map     \xA3    \x20
map     \xA4    \x20
map     \xA5    \x20
map     \xA6    \x20
map     \xA7    \x20
map     \xA8    \x20
map     \xA9    \x20
map     \xAA    \x20
map     \xAB    \x20
map     \xAC    \x20
map     \xAD    \x20
map     \xAE    \x20
map     \xAF    \x20
map     \xB0    \x20
map     \xB1    \x20
map     \xB2    \x20
map     \xB3    \x20
map     \xB4    \x20
map     \xB5    \x20
map     \xB6    \x20
map     \xB7    \x20
map     \xB8    \xF2
map     \xB9    \xF3
map     \xBA    \xF4
map     \xBB    \xF5
map     \xBC    \x20
map     \xBD    \x20
map     \xBE    \x20
map     \xBF    \x20
map     \xC0    \x20
map     \xC1    \x20
map     \xC2    \x20
map     \xC3    \xFB
map     \xC4    \x20
map     \xC5    \x20
map     \xC6    \x20
map     \xC7    \x20
map     \xC8    \x20
map     \xC9    \x20
map     \xCA    \xFF
map     \xCB    \x20
map     \xCC    \x20
map     \xCD    \x20
map     \xCE    \x20
map     \xCF    \x20
map     \xD0    \x20
map     \xD1    \x20
map     \xD2    \x20
map     \xD3    \x20
map     \xD4    \x20
map     \xD5    \x20
map     \xD6    \x20
map     \xD7    \x20
map     \xD8    \xF6
map     \xD9    \xF7
map     \xDA    \x20
map     \xDB    \x20
map     \xDC    \xFC
map     \xDD    \xF0
map     \xDE    \xF1
map     \xDF    \xEF
map     \xE0    \xA0
map     \xE1    \xA1
map     \xE2    \xA2
map     \xE3    \xA3
map     \xE4    \xA4
map     \xE5    \xA5
map     \xE6    \xA6
map     \xE7    \xA7
map     \xE8    \xA8
map     \xE9    \xA9
map     \xEA    \xAA
map     \xEB    \xAB
map     \xEC    \xAC
map     \xED    \xAD
map     \xEE    \xAE
map     \xEF    \xAF
map     \xF0    \xE0
map     \xF1    \xE1
map     \xF2    \xE2
map     \xF3    \xE3
map     \xF4    \xE4
map     \xF5    \xE5
map     \xF6    \xE6
map     \xF7    \xE7
map     \xF8    \xE8
map     \xF9    \xE9
map     \xFA    \xEA
map     \xFB    \xEB
map     \xFC    \xEC
map     \xFD    \xED
map     \xFE    \xEE
map     \xFF    \xFD
